Archive member included to satisfy reference by file (symbol)

c:/coocox/coide/5.4 2016q3/bin/../lib/gcc/arm-none-eabi/5.4.1/../../../../arm-none-eabi/lib/armv7e-m\libg.a(lib_a-malloc.o)
                              ..\obj\main.o (malloc)
c:/coocox/coide/5.4 2016q3/bin/../lib/gcc/arm-none-eabi/5.4.1/../../../../arm-none-eabi/lib/armv7e-m\libg.a(lib_a-mallocr.o)
                              c:/coocox/coide/5.4 2016q3/bin/../lib/gcc/arm-none-eabi/5.4.1/../../../../arm-none-eabi/lib/armv7e-m\libg.a(lib_a-malloc.o) (_malloc_r)
c:/coocox/coide/5.4 2016q3/bin/../lib/gcc/arm-none-eabi/5.4.1/../../../../arm-none-eabi/lib/armv7e-m\libg.a(lib_a-mlock.o)
                              c:/coocox/coide/5.4 2016q3/bin/../lib/gcc/arm-none-eabi/5.4.1/../../../../arm-none-eabi/lib/armv7e-m\libg.a(lib_a-mallocr.o) (__malloc_lock)
c:/coocox/coide/5.4 2016q3/bin/../lib/gcc/arm-none-eabi/5.4.1/../../../../arm-none-eabi/lib/armv7e-m\libg.a(lib_a-sbrkr.o)
                              c:/coocox/coide/5.4 2016q3/bin/../lib/gcc/arm-none-eabi/5.4.1/../../../../arm-none-eabi/lib/armv7e-m\libg.a(lib_a-mallocr.o) (_sbrk_r)
c:/coocox/coide/5.4 2016q3/bin/../lib/gcc/arm-none-eabi/5.4.1/../../../../arm-none-eabi/lib/armv7e-m\libg.a(lib_a-snprintf.o)
                              ..\obj\main.o (snprintf)
c:/coocox/coide/5.4 2016q3/bin/../lib/gcc/arm-none-eabi/5.4.1/../../../../arm-none-eabi/lib/armv7e-m\libg.a(lib_a-svfprintf.o)
                              c:/coocox/coide/5.4 2016q3/bin/../lib/gcc/arm-none-eabi/5.4.1/../../../../arm-none-eabi/lib/armv7e-m\libg.a(lib_a-snprintf.o) (_svfprintf_r)
c:/coocox/coide/5.4 2016q3/bin/../lib/gcc/arm-none-eabi/5.4.1/../../../../arm-none-eabi/lib/armv7e-m\libg.a(lib_a-dtoa.o)
                              c:/coocox/coide/5.4 2016q3/bin/../lib/gcc/arm-none-eabi/5.4.1/../../../../arm-none-eabi/lib/armv7e-m\libg.a(lib_a-svfprintf.o) (_dtoa_r)
c:/coocox/coide/5.4 2016q3/bin/../lib/gcc/arm-none-eabi/5.4.1/../../../../arm-none-eabi/lib/armv7e-m\libg.a(lib_a-freer.o)
                              c:/coocox/coide/5.4 2016q3/bin/../lib/gcc/arm-none-eabi/5.4.1/../../../../arm-none-eabi/lib/armv7e-m\libg.a(lib_a-malloc.o) (_free_r)
c:/coocox/coide/5.4 2016q3/bin/../lib/gcc/arm-none-eabi/5.4.1/../../../../arm-none-eabi/lib/armv7e-m\libg.a(lib_a-impure.o)
                              c:/coocox/coide/5.4 2016q3/bin/../lib/gcc/arm-none-eabi/5.4.1/../../../../arm-none-eabi/lib/armv7e-m\libg.a(lib_a-malloc.o) (_impure_ptr)
c:/coocox/coide/5.4 2016q3/bin/../lib/gcc/arm-none-eabi/5.4.1/../../../../arm-none-eabi/lib/armv7e-m\libg.a(lib_a-localeconv.o)
                              c:/coocox/coide/5.4 2016q3/bin/../lib/gcc/arm-none-eabi/5.4.1/../../../../arm-none-eabi/lib/armv7e-m\libg.a(lib_a-svfprintf.o) (_localeconv_r)
c:/coocox/coide/5.4 2016q3/bin/../lib/gcc/arm-none-eabi/5.4.1/../../../../arm-none-eabi/lib/armv7e-m\libg.a(lib_a-memchr.o)
                              c:/coocox/coide/5.4 2016q3/bin/../lib/gcc/arm-none-eabi/5.4.1/../../../../arm-none-eabi/lib/armv7e-m\libg.a(lib_a-svfprintf.o) (memchr)
c:/coocox/coide/5.4 2016q3/bin/../lib/gcc/arm-none-eabi/5.4.1/../../../../arm-none-eabi/lib/armv7e-m\libg.a(lib_a-memcpy.o)
                              c:/coocox/coide/5.4 2016q3/bin/../lib/gcc/arm-none-eabi/5.4.1/../../../../arm-none-eabi/lib/armv7e-m\libg.a(lib_a-dtoa.o) (memcpy)
c:/coocox/coide/5.4 2016q3/bin/../lib/gcc/arm-none-eabi/5.4.1/../../../../arm-none-eabi/lib/armv7e-m\libg.a(lib_a-mprec.o)
                              c:/coocox/coide/5.4 2016q3/bin/../lib/gcc/arm-none-eabi/5.4.1/../../../../arm-none-eabi/lib/armv7e-m\libg.a(lib_a-dtoa.o) (_Balloc)
c:/coocox/coide/5.4 2016q3/bin/../lib/gcc/arm-none-eabi/5.4.1/../../../../arm-none-eabi/lib/armv7e-m\libg.a(lib_a-reent.o)
                              c:/coocox/coide/5.4 2016q3/bin/../lib/gcc/arm-none-eabi/5.4.1/../../../../arm-none-eabi/lib/armv7e-m\libg.a(lib_a-sbrkr.o) (errno)
c:/coocox/coide/5.4 2016q3/bin/../lib/gcc/arm-none-eabi/5.4.1/../../../../arm-none-eabi/lib/armv7e-m\libg.a(lib_a-strlen.o)
                              c:/coocox/coide/5.4 2016q3/bin/../lib/gcc/arm-none-eabi/5.4.1/../../../../arm-none-eabi/lib/armv7e-m\libg.a(lib_a-svfprintf.o) (strlen)
c:/coocox/coide/5.4 2016q3/bin/../lib/gcc/arm-none-eabi/5.4.1/../../../../arm-none-eabi/lib/armv7e-m\libg.a(lib_a-svfiprintf.o)
                              c:/coocox/coide/5.4 2016q3/bin/../lib/gcc/arm-none-eabi/5.4.1/../../../../arm-none-eabi/lib/armv7e-m\libg.a(lib_a-svfprintf.o) (__ssprint_r)
c:/coocox/coide/5.4 2016q3/bin/../lib/gcc/arm-none-eabi/5.4.1/../../../../arm-none-eabi/lib/armv7e-m\libg.a(lib_a-callocr.o)
                              c:/coocox/coide/5.4 2016q3/bin/../lib/gcc/arm-none-eabi/5.4.1/../../../../arm-none-eabi/lib/armv7e-m\libg.a(lib_a-mprec.o) (_calloc_r)
c:/coocox/coide/5.4 2016q3/bin/../lib/gcc/arm-none-eabi/5.4.1/../../../../arm-none-eabi/lib/armv7e-m\libg.a(lib_a-locale.o)
[...]
Memory Configuration

Name             Origin             Length             Attributes
rom              0x08000000         0x00100000         xr
ram              0x20000000         0x00020000         xrw
ram1             0x10000000         0x00010000         xrw
*default*        0x00000000         0xffffffff

Linker script and memory map

                0x20020000                _eram = 0x20020000

.text           0x08000000     0x6751
 *(.isr_vector)
 .isr_vector    0x08000000      0x188 ..\obj\startup_stm32f4xx.o
                0x08000000                g_pfnVectors
 *(.text*)
 .text.USART_Init
                0x08000188      0x174 ..\obj\stm32f4xx_usart.o
                0x08000188                USART_Init
 .text.USART_Cmd
                0x080002fc       0x40 ..\obj\stm32f4xx_usart.o
                0x080002fc                USART_Cmd
 .text.USART_SendData
                0x0800033c       0x24 ..\obj\stm32f4xx_usart.o
                0x0800033c                USART_SendData
 .text.USART_ITConfig
                0x08000360       0x90 ..\obj\stm32f4xx_usart.o
                0x08000360                USART_ITConfig
 .text.USART_GetFlagStatus
                0x080003f0       0x38 ..\obj\stm32f4xx_usart.o
                0x080003f0                USART_GetFlagStatus
 .text.Default_Reset_Handler
                0x08000428       0x5c ..\obj\startup_stm32f4xx.o
                0x08000428                Default_Reset_Handler
                0x08000428                Reset_Handler
 .text.Default_Handler
                0x08000484        0x8 ..\obj\startup_stm32f4xx.o
                0x08000484                RTC_Alarm_IRQHandler
                0x08000484                HASH_RNG_IRQHandler
                0x08000484                EXTI2_IRQHandler
                0x08000484                TIM8_CC_IRQHandler
                0x08000484                DebugMon_Handler
                0x08000484                TIM1_CC_IRQHandler
                0x08000484                DMA2_Stream5_IRQHandler
                0x08000484                HardFault_Handler
                0x08000484                DMA1_Stream5_IRQHandler
                0x08000484                SysTick_Handler
                0x08000484                PVD_IRQHandler
                0x08000484                SDIO_IRQHandler
                0x08000484                TAMP_STAMP_IRQHandler
                0x08000484                PendSV_Handler
                0x08000484                NMI_Handler
                0x08000484                CAN2_RX1_IRQHandler
                0x08000484                EXTI3_IRQHandler
                0x08000484                TIM8_TRG_COM_TIM14_IRQHandler
                0x08000484                TIM1_UP_TIM10_IRQHandler
                0x08000484                TIM8_UP_TIM13_IRQHandler
                0x08000484                I2C3_ER_IRQHandler
                0x08000484                EXTI0_IRQHandler
                0x08000484                I2C2_EV_IRQHandler
                0x08000484                DMA1_Stream2_IRQHandler
                0x08000484                CAN1_RX0_IRQHandler
                0x08000484                FPU_IRQHandler
                0x08000484                OTG_HS_WKUP_IRQHandler
                0x08000484                UsageFault_Handler
                0x08000484                CAN2_SCE_IRQHandler
                0x08000484                DMA2_Stream2_IRQHandler
                0x08000484                SPI1_IRQHandler
                0x08000484                TIM6_DAC_IRQHandler
                0x08000484                TIM1_BRK_TIM9_IRQHandler
                0x08000484                DCMI_IRQHandler
                0x08000484                CAN2_RX0_IRQHandler
                0x08000484                DMA2_Stream3_IRQHandler
                0x08000484                USART6_IRQHandler
                0x08000484                USART3_IRQHandler
                0x08000484                CRYP_IRQHandler
                0x08000484                CAN1_RX1_IRQHandler
                0x08000484                UART5_IRQHandler
                0x08000484                DMA2_Stream0_IRQHandler
                0x08000484                TIM4_IRQHandler
                0x08000484                I2C1_EV_IRQHandler
                0x08000484                DMA1_Stream6_IRQHandler
                0x08000484                DMA1_Stream1_IRQHandler
                0x08000484                UART4_IRQHandler
                0x08000484                RCC_IRQHandler
                0x08000484                TIM8_BRK_TIM12_IRQHandler
                0x08000484                EXTI15_10_IRQHandler
                0x08000484                ADC_IRQHandler
                0x08000484                DMA1_Stream7_IRQHandler
                0x08000484                TIM7_IRQHandler
                0x08000484                CAN2_TX_IRQHandler
                0x08000484                TIM5_IRQHandler
                0x08000484                DMA2_Stream7_IRQHandler
                0x08000484                I2C3_EV_IRQHandler
                0x08000484                EXTI9_5_IRQHandler
                0x08000484                RTC_WKUP_IRQHandler
                0x08000484                ETH_WKUP_IRQHandler
                0x08000484                SPI2_IRQHandler
                0x08000484                OTG_HS_EP1_IN_IRQHandler
                0x08000484                MemManage_Handler
                0x08000484                DMA1_Stream0_IRQHandler
                0x08000484                CAN1_TX_IRQHandler
                0x08000484                SVC_Handler
                0x08000484                EXTI4_IRQHandler
                0x08000484                FSMC_IRQHandler
                0x08000484                ETH_IRQHandler
                0x08000484                OTG_HS_EP1_OUT_IRQHandler
                0x08000484                WWDG_IRQHandler
                0x08000484                TIM2_IRQHandler
                0x08000484                OTG_FS_WKUP_IRQHandler
                0x08000484                TIM1_TRG_COM_TIM11_IRQHandler
                0x08000484                OTG_HS_IRQHandler
                0x08000484                EXTI1_IRQHandler
                0x08000484                USART2_IRQHandler
                0x08000484                I2C2_ER_IRQHandler
                0x08000484                DMA2_Stream1_IRQHandler
                0x08000484                CAN1_SCE_IRQHandler
                0x08000484                FLASH_IRQHandler
                0x08000484                DMA2_Stream4_IRQHandler
                0x08000484                BusFault_Handler
                0x08000484                USART1_IRQHandler
                0x08000484                OTG_FS_IRQHandler
                0x08000484                SPI3_IRQHandler
                0x08000484                DMA1_Stream4_IRQHandler
                0x08000484                I2C1_ER_IRQHandler
                0x08000484                DMA2_Stream6_IRQHandler
                0x08000484                DMA1_Stream3_IRQHandler
 .text.NVIC_EnableIRQ
                0x0800048c       0x30 ..\obj\main.o
 .text.MY_DMA_initP2M
                0x080004bc       0x7c ..\obj\main.o
                0x080004bc                MY_DMA_initP2M
 .text.MY_ADC_init
                0x08000538       0xcc ..\obj\main.o
                0x08000538                MY_ADC_init
 .text._GPIO_Init
                0x08000604       0x7c ..\obj\main.o
                0x08000604                _GPIO_Init
 .text._GPIO_AF_USART
                0x08000680       0x20 ..\obj\main.o
                0x08000680                _GPIO_AF_USART
 .text._USART_Init
                0x080006a0       0x38 ..\obj\main.o
                0x080006a0                _USART_Init
 .text._NVIC_Init
                0x080006d8       0x3c ..\obj\main.o
                0x080006d8                _NVIC_Init
 .text.usartSendChar
                0x08000714       0x34 ..\obj\main.o
                0x08000714                usartSendChar
 .text.usartSendString
                0x08000748       0x28 ..\obj\main.o
                0x08000748                usartSendString
 .text.TIM3_IRQHandler
                0x08000770      0x42c ..\obj\main.o
                0x08000770                TIM3_IRQHandler
 .text.main     0x08000b9c       0xb8 ..\obj\main.o
                0x08000b9c                main
 .text.RCC_GetClocksFreq
                0x08000c54      0x154 ..\obj\stm32f4xx_rcc.o
                0x08000c54                RCC_GetClocksFreq
 .text.RCC_AHB1PeriphClockCmd
                0x08000da8       0x3c ..\obj\stm32f4xx_rcc.o
                0x08000da8                RCC_AHB1PeriphClockCmd
 .text.RCC_APB1PeriphClockCmd
                0x08000de4       0x3c ..\obj\stm32f4xx_rcc.o
                0x08000de4                RCC_APB1PeriphClockCmd
 .text.RCC_APB2PeriphClockCmd
                0x08000e20       0x3c ..\obj\stm32f4xx_rcc.o
                0x08000e20                RCC_APB2PeriphClockCmd
 .text.ADC_Init
                0x08000e5c       0xa8 ..\obj\stm32f4xx_adc.o
                0x08000e5c                ADC_Init
 .text.ADC_CommonInit
                0x08000f04       0x50 ..\obj\stm32f4xx_adc.o
                0x08000f04                ADC_CommonInit
 .text.ADC_Cmd  0x08000f54       0x38 ..\obj\stm32f4xx_adc.o
                0x08000f54                ADC_Cmd
 .text.ADC_RegularChannelConfig
                0x08000f8c      0x194 ..\obj\stm32f4xx_adc.o
                0x08000f8c                ADC_RegularChannelConfig
 .text.ADC_SoftwareStartConv
                0x08001120       0x20 ..\obj\stm32f4xx_adc.o
                0x08001120                ADC_SoftwareStartConv
 .text.ADC_DMACmd
                0x08001140       0x38 ..\obj\stm32f4xx_adc.o
                0x08001140                ADC_DMACmd
 .text.ADC_DMARequestAfterLastTransferCmd
                0x08001178       0x38 ..\obj\stm32f4xx_adc.o
                0x08001178                ADC_DMARequestAfterLastTransferCmd
 .text.GPIO_Init
                0x080011b0      0x11c ..\obj\stm32f4xx_gpio.o
                0x080011b0                GPIO_Init
 .text.GPIO_ReadInputDataBit
                0x080012cc       0x34 ..\obj\stm32f4xx_gpio.o
                0x080012cc                GPIO_ReadInputDataBit
 .text.GPIO_PinAFConfig
                0x08001300       0x90 ..\obj\stm32f4xx_gpio.o
                0x08001300                GPIO_PinAFConfig
 .text.SystemInit
                0x08001390       0x5c ..\obj\system_stm32f4xx.o
                0x08001390                SystemInit
 .text.SetSysClock
                0x080013ec       0xf4 ..\obj\system_stm32f4xx.o
 .text._sbrk    0x080014e0       0x3c ..\obj\syscalls.o
                0x080014e0                _sbrk
 .text.DMA_Init
                0x0800151c       0xac ..\obj\stm32f4xx_dma.o
                0x0800151c                DMA_Init
 .text.DMA_Cmd  0x080015c8       0x38 ..\obj\stm32f4xx_dma.o
                0x080015c8                DMA_Cmd
 .text.NVIC_Init
                0x08001600       0xc0 ..\obj\misc.o
                0x08001600                NVIC_Init
 .text.TIM_TimeBaseInit
                0x080016c0       0xd4 ..\obj\stm32f4xx_tim.o
                0x080016c0                TIM_TimeBaseInit
 .text.TIM_Cmd  0x08001794       0x40 ..\obj\stm32f4xx_tim.o
                0x08001794                TIM_Cmd
 .text.TIM_ITConfig
                0x080017d4       0x48 ..\obj\stm32f4xx_tim.o
                0x080017d4                TIM_ITConfig
 .text.TIM_GetITStatus
                0x0800181c       0x54 ..\obj\stm32f4xx_tim.o
                0x0800181c                TIM_GetITStatus
 .text.TIM_ClearITPendingBit
                0x08001870       0x20 ..\obj\stm32f4xx_tim.o
                0x08001870                TIM_ClearITPendingBit
 .text.malloc   0x08001890       0x10 c:/coocox/coide/5.4 2016q3/bin/../lib/gcc/arm-none-eabi/5.4.1/../../../../arm-none-eabi/lib/armv7e-m\libg.a(lib_a-malloc.o)
                0x08001890                malloc
 .text.free     0x080018a0       0x10 c:/coocox/coide/5.4 2016q3/bin/../lib/gcc/arm-none-eabi/5.4.1/../../../../arm-none-eabi/lib/armv7e-m\libg.a(lib_a-malloc.o)
                0x080018a0                free
 .text._malloc_r
                0x080018b0      0x570 c:/coocox/coide/5.4 2016q3/bin/../lib/gcc/arm-none-eabi/5.4.1/../../../../arm-none-eabi/lib/armv7e-m\libg.a(lib_a-mallocr.o)
                0x080018b0                _malloc_r
 .text.__malloc_lock
                0x08001e20        0x4 c:/coocox/coide/5.4 2016q3/bin/../lib/gcc/arm-none-eabi/5.4.1/../../../../arm-none-eabi/lib/armv7e-m\libg.a(lib_a-mlock.o)
                0x08001e20                __malloc_lock
 .text.__malloc_unlock
                0x08001e24        0x4 c:/coocox/coide/5.4 2016q3/bin/../lib/gcc/arm-none-eabi/5.4.1/../../../../arm-none-eabi/lib/armv7e-m\libg.a(lib_a-mlock.o)
                0x08001e24                __malloc_unlock
 .text._sbrk_r  0x08001e28       0x24 c:/coocox/coide/5.4 2016q3/bin/../lib/gcc/arm-none-eabi/5.4.1/../../../../arm-none-eabi/lib/armv7e-m\libg.a(lib_a-sbrkr.o)
                0x08001e28                _sbrk_r
 .text.snprintf
                0x08001e4c       0x9c c:/coocox/coide/5.4 2016q3/bin/../lib/gcc/arm-none-eabi/5.4.1/../../../../arm-none-eabi/lib/armv7e-m\libg.a(lib_a-snprintf.o)
                0x08001e4c                snprintf
 .text._svfprintf_r
                0x08001ee8     0x16b0 c:/coocox/coide/5.4 2016q3/bin/../lib/gcc/arm-none-eabi/5.4.1/../../../../arm-none-eabi/lib/armv7e-m\libg.a(lib_a-svfprintf.o)
                0x08001ee8                _svfprintf_r
 .text.quorem   0x08003598      0x128 c:/coocox/coide/5.4 2016q3/bin/../lib/gcc/arm-none-eabi/5.4.1/../../../../arm-none-eabi/lib/armv7e-m\libg.a(lib_a-dtoa.o)
 .text._dtoa_r  0x080036c0      0xe58 c:/coocox/coide/5.4 2016q3/bin/../lib/gcc/arm-none-eabi/5.4.1/../../../../arm-none-eabi/lib/armv7e-m\libg.a(lib_a-dtoa.o)
                0x080036c0                _dtoa_r
 .text._malloc_trim_r
                0x08004518       0x9c c:/coocox/coide/5.4 2016q3/bin/../lib/gcc/arm-none-eabi/5.4.1/../../../../arm-none-eabi/lib/armv7e-m\libg.a(lib_a-freer.o)
                0x08004518                _malloc_trim_r
 .text._free_r  0x080045b4      0x1d0 c:/coocox/coide/5.4 2016q3/bin/../lib/gcc/arm-none-eabi/5.4.1/../../../../arm-none-eabi/lib/armv7e-m\libg.a(lib_a-freer.o)
                0x080045b4                _free_r
 .text._localeconv_r
                0x08004784       0x1c c:/coocox/coide/5.4 2016q3/bin/../lib/gcc/arm-none-eabi/5.4.1/../../../../arm-none-eabi/lib/armv7e-m\libg.a(lib_a-localeconv.o)
                0x08004784                _localeconv_r
 .text          0x080047a0       0xa0 c:/coocox/coide/5.4 2016q3/bin/../lib/gcc/arm-none-eabi/5.4.1/../../../../arm-none-eabi/lib/armv7e-m\libg.a(lib_a-memchr.o)
                0x080047a0                memchr
 .text          0x08004840      0x134 c:/coocox/coide/5.4 2016q3/bin/../lib/gcc/arm-none-eabi/5.4.1/../../../../arm-none-eabi/lib/armv7e-m\libg.a(lib_a-memcpy.o)
                0x08004840                memcpy
 .text._Balloc  0x08004974       0x4c c:/coocox/coide/5.4 2016q3/bin/../lib/gcc/arm-none-eabi/5.4.1/../../../../arm-none-eabi/lib/armv7e-m\libg.a(lib_a-mprec.o)
                0x08004974                _Balloc
 .text._Bfree   0x080049c0       0x14 c:/coocox/coide/5.4 2016q3/bin/../lib/gcc/arm-none-eabi/5.4.1/../../../../arm-none-eabi/lib/armv7e-m\libg.a(lib_a-mprec.o)
                0x080049c0                _Bfree
 .text.__multadd
                0x080049d4       0x80 c:/coocox/coide/5.4 2016q3/bin/../lib/gcc/arm-none-eabi/5.4.1/../../../../arm-none-eabi/lib/armv7e-m\libg.a(lib_a-mprec.o)
                0x080049d4                __multadd
 .text.__hi0bits
                0x08004a54       0x40 c:/coocox/coide/5.4 2016q3/bin/../lib/gcc/arm-none-eabi/5.4.1/../../../../arm-none-eabi/lib/armv7e-m\libg.a(lib_a-mprec.o)
                0x08004a54                __hi0bits
 .text.__lo0bits
                0x08004a94       0x5c c:/coocox/coide/5.4 2016q3/bin/../lib/gcc/arm-none-eabi/5.4.1/../../../../arm-none-eabi/lib/armv7e-m\libg.a(lib_a-mprec.o)
                0x08004a94                __lo0bits
 .text.__i2b    0x08004af0       0x14 c:/coocox/coide/5.4 2016q3/bin/../lib/gcc/arm-none-eabi/5.4.1/../../../../arm-none-eabi/lib/armv7e-m\libg.a(lib_a-mprec.o)
                0x08004af0                __i2b
 .text.__multiply
                0x08004b04      0x130 c:/coocox/coide/5.4 2016q3/bin/../lib/gcc/arm-none-eabi/5.4.1/../../../../arm-none-eabi/lib/armv7e-m\libg.a(lib_a-mprec.o)
                0x08004b04                __multiply
 .text.__pow5mult
                0x08004c34       0xa0 c:/coocox/coide/5.4 2016q3/bin/../lib/gcc/arm-none-eabi/5.4.1/../../../../arm-none-eabi/lib/armv7e-m\libg.a(lib_a-mprec.o)
                0x08004c34                __pow5mult
 .text.__lshift
                0x08004cd4       0xb0 c:/coocox/coide/5.4 2016q3/bin/../lib/gcc/arm-none-eabi/5.4.1/../../../../arm-none-eabi/lib/armv7e-m\libg.a(lib_a-mprec.o)
                0x08004cd4                __lshift
 .text.__mcmp   0x08004d84       0x40 c:/coocox/coide/5.4 2016q3/bin/../lib/gcc/arm-none-eabi/5.4.1/../../../../arm-none-eabi/lib/armv7e-m\libg.a(lib_a-mprec.o)
                0x08004d84                __mcmp
 .text.__mdiff  0x08004dc4      0x114 c:/coocox/coide/5.4 2016q3/bin/../lib/gcc/arm-none-eabi/5.4.1/../../../../arm-none-eabi/lib/armv7e-m\libg.a(lib_a-mprec.o)
                0x08004dc4                __mdiff
 .text.__d2b    0x08004ed8       0xb8 c:/coocox/coide/5.4 2016q3/bin/../lib/gcc/arm-none-eabi/5.4.1/../../../../arm-none-eabi/lib/armv7e-m\libg.a(lib_a-mprec.o)
                0x08004ed8                __d2b
 *fill*         0x08004f90       0x30 
 .text          0x08004fc0       0xdc c:/coocox/coide/5.4 2016q3/bin/../lib/gcc/arm-none-eabi/5.4.1/../../../../arm-none-eabi/lib/armv7e-m\libg.a(lib_a-strlen.o)
                0x08004fc0                strlen
 .text.__ssprint_r
                0x0800509c      0x100 c:/coocox/coide/5.4 2016q3/bin/../lib/gcc/arm-none-eabi/5.4.1/../../../../arm-none-eabi/lib/armv7e-m\libg.a(lib_a-svfiprintf.o)
                0x0800509c                __ssprint_r
 .text._calloc_r
                0x0800519c       0x60 c:/coocox/coide/5.4 2016q3/bin/../lib/gcc/arm-none-eabi/5.4.1/../../../../arm-none-eabi/lib/armv7e-m\libg.a(lib_a-callocr.o)
                0x0800519c                _calloc_r
 .text.__ascii_mbtowc
                0x080051fc       0x2c c:/coocox/coide/5.4 2016q3/bin/../lib/gcc/arm-none-eabi/5.4.1/../../../../arm-none-eabi/lib/armv7e-m\libg.a(lib_a-mbtowc_r.o)
                0x080051fc                __ascii_mbtowc
 .text.memmove  0x08005228       0xc8 c:/coocox/coide/5.4 2016q3/bin/../lib/gcc/arm-none-eabi/5.4.1/../../../../arm-none-eabi/lib/armv7e-m\libg.a(lib_a-memmove.o)
                0x08005228                memmove
 .text.memset   0x080052f0       0x9c c:/coocox/coide/5.4 2016q3/bin/../lib/gcc/arm-none-eabi/5.4.1/../../../../arm-none-eabi/lib/armv7e-m\libg.a(lib_a-memset.o)
                0x080052f0                memset
 .text._realloc_r
                0x0800538c      0x3e0 c:/coocox/coide/5.4 2016q3/bin/../lib/gcc/arm-none-eabi/5.4.1/../../../../arm-none-eabi/lib/armv7e-m\libg.a(lib_a-reallocr.o)
                0x0800538c                _realloc_r
 .text.__ascii_wctomb
                0x0800576c       0x1c c:/coocox/coide/5.4 2016q3/bin/../lib/gcc/arm-none-eabi/5.4.1/../../../../arm-none-eabi/lib/armv7e-m\libg.a(lib_a-wctomb_r.o)
                0x0800576c                __ascii_wctomb
 .text          0x08005788      0x370 c:/coocox/coide/5.4 2016q3/bin/../lib/gcc/arm-none-eabi/5.4.1/armv7e-m\libgcc.a(_arm_addsubdf3.o)
                0x08005788                __aeabi_drsub
                0x08005790                __aeabi_dsub
                0x08005790                __subdf3
                0x08005794                __aeabi_dadd
                0x08005794                __adddf3
                0x08005a0c                __floatunsidf
                0x08005a0c                __aeabi_ui2d
                0x08005a2c                __floatsidf
                0x08005a2c                __aeabi_i2d
                0x08005a50                __aeabi_f2d
                0x08005a50                __extendsfdf2
                0x08005a8c                __floatundidf
                0x08005a8c                __aeabi_ul2d
                0x08005a9c                __floatdidf
                0x08005a9c                __aeabi_l2d
 .text          0x08005af8      0x424 c:/coocox/coide/5.4 2016q3/bin/../lib/gcc/arm-none-eabi/5.4.1/armv7e-m\libgcc.a(_arm_muldivdf3.o)
                0x08005af8                __aeabi_dmul
                0x08005af8                __muldf3
                0x08005d4c                __divdf3
                0x08005d4c                __aeabi_ddiv
 .text          0x08005f1c      0x110 c:/coocox/coide/5.4 2016q3/bin/../lib/gcc/arm-none-eabi/5.4.1/armv7e-m\libgcc.a(_arm_cmpdf2.o)
                0x08005f1c                __gtdf2
                0x08005f1c                __gedf2
                0x08005f24                __ltdf2
                0x08005f24                __ledf2
                0x08005f2c                __nedf2
                0x08005f2c                __eqdf2
                0x08005f2c                __cmpdf2
                0x08005fa8                __aeabi_cdrcmple
                0x08005fb8                __aeabi_cdcmpeq
                0x08005fb8                __aeabi_cdcmple
                0x08005fc8                __aeabi_dcmpeq
                0x08005fdc                __aeabi_dcmplt
                0x08005ff0                __aeabi_dcmple
                0x08006004                __aeabi_dcmpge
                0x08006018                __aeabi_dcmpgt
 .text          0x0800602c       0x2c c:/coocox/coide/5.4 2016q3/bin/../lib/gcc/arm-none-eabi/5.4.1/armv7e-m\libgcc.a(_arm_unorddf2.o)
                0x0800602c                __unorddf2
                0x0800602c                __aeabi_dcmpun
 .text          0x08006058       0x50 c:/coocox/coide/5.4 2016q3/bin/../lib/gcc/arm-none-eabi/5.4.1/armv7e-m\libgcc.a(_arm_fixdfsi.o)
                0x08006058                __aeabi_d2iz
                0x08006058                __fixdfsi
 .text          0x080060a8       0x30 c:/coocox/coide/5.4 2016q3/bin/../lib/gcc/arm-none-eabi/5.4.1/armv7e-m\libgcc.a(_aeabi_uldivmod.o)
                0x080060a8                __aeabi_uldivmod
 .text          0x080060d8      0x2e4 c:/coocox/coide/5.4 2016q3/bin/../lib/gcc/arm-none-eabi/5.4.1/armv7e-m\libgcc.a(_udivmoddi4.o)
                0x080060d8                __udivmoddi4
 .text          0x080063bc        0x4 c:/coocox/coide/5.4 2016q3/bin/../lib/gcc/arm-none-eabi/5.4.1/armv7e-m\libgcc.a(_dvmd_tls.o)
                0x080063bc                __aeabi_idiv0
                0x080063bc                __aeabi_ldiv0
 *(.init)
 *(.fini)
 *crtbegin.o(.ctors)
 *crtbegin?.o(.ctors)
 *(EXCLUDE_FILE(*crtend.o *crtend?.o) .ctors)
 *(SORT(.ctors.*))
 *(.ctors)
 *crtbegin.o(.dtors)
 *crtbegin?.o(.dtors)
 *(EXCLUDE_FILE(*crtend.o *crtend?.o) .dtors)
 *(SORT(.dtors.*))
 *(.dtors)
 *(.rodata*)
 .rodata        0x080063c0      0x10b ..\obj\main.o
 *fill*         0x080064cb        0x1 
 .rodata.zeroes.7256
                0x080064cc       0x10 c:/coocox/coide/5.4 2016q3/bin/../lib/gcc/arm-none-eabi/5.4.1/../../../../arm-none-eabi/lib/armv7e-m\libg.a(lib_a-svfprintf.o)
 .rodata.str1.4
                0x080064dc       0x42 c:/coocox/coide/5.4 2016q3/bin/../lib/gcc/arm-none-eabi/5.4.1/../../../../arm-none-eabi/lib/armv7e-m\libg.a(lib_a-svfprintf.o)
 *fill*         0x0800651e        0x2 
 .rodata.blanks.7255
                0x08006520       0x10 c:/coocox/coide/5.4 2016q3/bin/../lib/gcc/arm-none-eabi/5.4.1/../../../../arm-none-eabi/lib/armv7e-m\libg.a(lib_a-svfprintf.o)
 .rodata.str1.4
                0x08006530       0x10 c:/coocox/coide/5.4 2016q3/bin/../lib/gcc/arm-none-eabi/5.4.1/../../../../arm-none-eabi/lib/armv7e-m\libg.a(lib_a-dtoa.o)
                                 0x12 (size before relaxing)
 .rodata.__mprec_tens
                0x08006540       0xc8 c:/coocox/coide/5.4 2016q3/bin/../lib/gcc/arm-none-eabi/5.4.1/../../../../arm-none-eabi/lib/armv7e-m\libg.a(lib_a-mprec.o)
                0x08006540                __mprec_tens
 .rodata.p05.6085
                0x08006608        0xc c:/coocox/coide/5.4 2016q3/bin/../lib/gcc/arm-none-eabi/5.4.1/../../../../arm-none-eabi/lib/armv7e-m\libg.a(lib_a-mprec.o)
 *fill*         0x08006614        0x4 
 .rodata.__mprec_bigtens
                0x08006618       0x28 c:/coocox/coide/5.4 2016q3/bin/../lib/gcc/arm-none-eabi/5.4.1/../../../../arm-none-eabi/lib/armv7e-m\libg.a(lib_a-mprec.o)
                0x08006618                __mprec_bigtens
 .rodata.str1.4
                0x08006640       0x10 c:/coocox/coide/5.4 2016q3/bin/../lib/gcc/arm-none-eabi/5.4.1/../../../../arm-none-eabi/lib/armv7e-m\libg.a(lib_a-locale.o)
                                 0x12 (size before relaxing)
 .rodata._ctype_
                0x08006650      0x101 c:/coocox/coide/5.4 2016q3/bin/../lib/gcc/arm-none-eabi/5.4.1/../../../../arm-none-eabi/lib/armv7e-m\libg.a(lib_a-ctype_.o)
                0x08006650                _ctype_
 *(.eh_fram e*)

.glue_7         0x08006754        0x0
 .glue_7        0x08006754        0x0 linker stubs

.glue_7t        0x08006754        0x0
 .glue_7t       0x08006754        0x0 linker stubs

.vfp11_veneer   0x08006754        0x0
 .vfp11_veneer  0x08006754        0x0 linker stubs

.v4_bx          0x08006754        0x0
 .v4_bx         0x08006754        0x0 linker stubs

.iplt           0x08006754        0x0
 .iplt          0x08006754        0x0 ..\obj\stm32f4xx_syscfg.o

.ARM.extab
 *(.ARM.extab* .gnu.linkonce.armextab.*)
                0x08006754                __exidx_start = .

.ARM.exidx      0x08006754        0x8
 *(.ARM.exidx* .gnu.linkonce.armexidx.*)
 .ARM.exidx     0x08006754        0x8 c:/coocox/coide/5.4 2016q3/bin/../lib/gcc/arm-none-eabi/5.4.1/armv7e-m\libgcc.a(_udivmoddi4.o)
                0x0800675c                __exidx_end = .
                0x0800675c                __etext = .
                0x0800675c                _sidata = __etext

.rel.dyn        0x0800675c        0x0
 .rel.iplt      0x0800675c        0x0 ..\obj\stm32f4xx_syscfg.o

.data           0x20000000      0x9b8 load address 0x0800675c
                0x20000000                __data_start__ = .
                0x20000000                _sdata = __data_start__
 *(vtable)
 *(.data*)
 .data          0x20000000       0x10 ..\obj\stm32f4xx_rcc.o
 .data.__malloc_av_
                0x20000010      0x408 c:/coocox/coide/5.4 2016q3/bin/../lib/gcc/arm-none-eabi/5.4.1/../../../../arm-none-eabi/lib/armv7e-m\libg.a(lib_a-mallocr.o)
                0x20000010                __malloc_av_
 .data.__malloc_trim_threshold
                0x20000418        0x4 c:/coocox/coide/5.4 2016q3/bin/../lib/gcc/arm-none-eabi/5.4.1/../../../../arm-none-eabi/lib/armv7e-m\libg.a(lib_a-mallocr.o)
                0x20000418                __malloc_trim_threshold
 .data.__malloc_sbrk_base
                0x2000041c        0x4 c:/coocox/coide/5.4 2016q3/bin/../lib/gcc/arm-none-eabi/5.4.1/../../../../arm-none-eabi/lib/armv7e-m\libg.a(lib_a-mallocr.o)
                0x2000041c                __malloc_sbrk_base
 .data.impure_data
                0x20000420      0x428 c:/coocox/coide/5.4 2016q3/bin/../lib/gcc/arm-none-eabi/5.4.1/../../../../arm-none-eabi/lib/armv7e-m\libg.a(lib_a-impure.o)
 .data._impure_ptr
                0x20000848        0x4 c:/coocox/coide/5.4 2016q3/bin/../lib/gcc/arm-none-eabi/5.4.1/../../../../arm-none-eabi/lib/armv7e-m\libg.a(lib_a-impure.o)
                0x20000848                _impure_ptr
 .data.__global_locale
                0x2000084c      0x16c c:/coocox/coide/5.4 2016q3/bin/../lib/gcc/arm-none-eabi/5.4.1/../../../../arm-none-eabi/lib/armv7e-m\libg.a(lib_a-locale.o)
                0x2000084c                __global_locale
                0x200009b8                . = ALIGN (0x4)
                [!provide]                PROVIDE (__preinit_array_start, .)
 *(.preinit_array)
                [!provide]                PROVIDE (__preinit_array_end, .)
                0x200009b8                . = ALIGN (0x4)
                [!provide]                PROVIDE (__init_array_start, .)
 *(SORT(.init_array.*))
 *(.init_array)
                [!provide]                PROVIDE (__init_array_end, .)
                0x200009b8                . = ALIGN (0x4)
                [!provide]                PROVIDE (__fini_array_start, .)
 *(SORT(.fini_array.*))
 *(.fini_array)
                [!provide]                PROVIDE (__fini_array_end, .)
 *(.jcr*)
                0x200009b8                . = ALIGN (0x4)
                0x200009b8                __data_end__ = .
                0x200009b8                _edata = __data_end__

.igot.plt       0x200009b8        0x0 load address 0x08007114
 .igot.plt      0x200009b8        0x0 ..\obj\stm32f4xx_syscfg.o

.bss            0x200009b8       0xa4 load address 0x08007114
                0x200009b8                . = ALIGN (0x4)
                0x200009b8                __bss_start__ = .
                0x200009b8                _sbss = __bss_start__
 *(.bss*)
 .bss           0x200009b8        0x4 ..\obj\syscalls.o
 .bss.__malloc_max_total_mem
                0x200009bc        0x4 c:/coocox/coide/5.4 2016q3/bin/../lib/gcc/arm-none-eabi/5.4.1/../../../../arm-none-eabi/lib/armv7e-m\libg.a(lib_a-mallocr.o)
                0x200009bc                __malloc_max_total_mem
 .bss.__malloc_max_sbrked_mem
                0x200009c0        0x4 c:/coocox/coide/5.4 2016q3/bin/../lib/gcc/arm-none-eabi/5.4.1/../../../../arm-none-eabi/lib/armv7e-m\libg.a(lib_a-mallocr.o)
                0x200009c0                __malloc_max_sbrked_mem
 .bss.__malloc_top_pad
                0x200009c4        0x4 c:/coocox/coide/5.4 2016q3/bin/../lib/gcc/arm-none-eabi/5.4.1/../../../../arm-none-eabi/lib/armv7e-m\libg.a(lib_a-mallocr.o)
                0x200009c4                __malloc_top_pad
 .bss.__malloc_current_mallinfo
                0x200009c8       0x28 c:/coocox/coide/5.4 2016q3/bin/../lib/gcc/arm-none-eabi/5.4.1/../../../../arm-none-eabi/lib/armv7e-m\libg.a(lib_a-mallocr.o)
                0x200009c8                __malloc_current_mallinfo
 *(COMMON)
 COMMON         0x200009f0       0x68 ..\obj\main.o
                0x200009f0                C1
                0x200009f4                adc1Analog1
                0x200009f8                C3
                0x200009fc                A3
                0x20000a00                C2
                0x20000a04                A4
                0x20000a08                D2
                0x20000a0c                B2
                0x20000a10                adc1Analog2
                0x20000a14                A2
                0x20000a18                valueFromADC
                0x20000a38                B4
                0x20000a3c                adc2Analog2
                0x20000a40                C4
                0x20000a44                B1
                0x20000a48                D1
                0x20000a4c                A1
                0x20000a50                B3
                0x20000a54                adc2Analog1
 COMMON         0x20000a58        0x4 c:/coocox/coide/5.4 2016q3/bin/../lib/gcc/arm-none-eabi/5.4.1/../../../../arm-none-eabi/lib/armv7e-m\libg.a(lib_a-reent.o)
                0x20000a58                errno
                0x20000a5c                . = ALIGN (0x4)
                0x20000a5c                __bss_end__ = .
                0x20000a5c                _ebss = __bss_end__

.heap           0x20000a5c        0x0
                0x20000a5c                __end__ = .
                0x20000a5c                _end = __end__
                0x20000a5c                end = __end__
 *(.heap*)
                0x20000a5c                __HeapLimit = .

.co_stack       0x20000a5c      0x804 load address 0x080071b8
                0x20000a60                . = ALIGN (0x8)
 *fill*         0x20000a5c        0x4 
 *(.co_stack .co_stack.*)
 .co_stack      0x20000a60      0x800 ..\obj\startup_stm32f4xx.o
                0x20000a60                pulStack
                0x20020000                __StackTop = (ORIGIN (ram) + LENGTH (ram))
                0x2001f7fc                __StackLimit = (__StackTop - SIZEOF (.co_stack))
                [!provide]                PROVIDE (__stack, __StackTop)
                0x00000001                ASSERT ((__StackLimit >= __HeapLimit), region ram  overflowed with stack)
LOAD ..\obj\stm32f4xx_syscfg.o
LOAD ..\obj\stm32f4xx_usart.o
LOAD ..\obj\stm32f4xx_dac.o
LOAD ..\obj\startup_stm32f4xx.o
LOAD ..\obj\main.o
LOAD ..\obj\stm32f4xx_rcc.o
LOAD ..\obj\stm32f4xx_adc.o
LOAD ..\obj\audio.o
LOAD ..\obj\stm32f4xx_gpio.o
LOAD ..\obj\system_stm32f4xx.o
LOAD ..\obj\syscalls.o
LOAD ..\obj\stm32f4xx_dma.o
LOAD ..\obj\stm32f4xx_exti.o
LOAD ..\obj\misc.o
LOAD ..\obj\stm32f4xx_tim.o
START GROUP
LOAD c:/coocox/coide/5.4 2016q3/bin/../lib/gcc/arm-none-eabi/5.4.1/armv7e-m\libgcc.a
LOAD c:/coocox/coide/5.4 2016q3/bin/../lib/gcc/arm-none-eabi/5.4.1/../../../../arm-none-eabi/lib/armv7e-m\libg.a
LOAD c:/coocox/coide/5.4 2016q3/bin/../lib/gcc/arm-none-eabi/5.4.1/../../../../arm-none-eabi/lib/armv7e-m\libc.a
END GROUP
OUTPUT(xyz.elf elf32-littlearm)

.debug_info     0x00000000     0x6cb7
 .debug_info    0x00000000      0x9ca ..\obj\stm32f4xx_usart.o
 .debug_info    0x000009ca       0xf2 ..\obj\startup_stm32f4xx.o
 .debug_info    0x00000abc     0x1021 ..\obj\main.o
 .debug_info    0x00001add      0xc63 ..\obj\stm32f4xx_rcc.o
 .debug_info    0x00002740      0xc40 ..\obj\stm32f4xx_adc.o
 .debug_info    0x00003380      0x61a ..\obj\stm32f4xx_gpio.o
 .debug_info    0x0000399a      0x5c5 ..\obj\system_stm32f4xx.o
 .debug_info    0x00003f5f      0x458 ..\obj\syscalls.o
 .debug_info    0x000043b7      0x741 ..\obj\stm32f4xx_dma.o
 .debug_info    0x00004af8      0x556 ..\obj\misc.o
 .debug_info    0x0000504e     0x1c69 ..\obj\stm32f4xx_tim.o

.debug_abbrev   0x00000000      0xfb8
 .debug_abbrev  0x00000000      0x157 ..\obj\stm32f4xx_usart.o
 .debug_abbrev  0x00000157       0xb0 ..\obj\startup_stm32f4xx.o
 .debug_abbrev  0x00000207      0x249 ..\obj\main.o
 .debug_abbrev  0x00000450      0x1e5 ..\obj\stm32f4xx_rcc.o
 .debug_abbrev  0x00000635      0x198 ..\obj\stm32f4xx_adc.o
 .debug_abbrev  0x000007cd      0x1a7 ..\obj\stm32f4xx_gpio.o
 .debug_abbrev  0x00000974      0x138 ..\obj\system_stm32f4xx.o
 .debug_abbrev  0x00000aac       0xe5 ..\obj\syscalls.o
 .debug_abbrev  0x00000b91      0x157 ..\obj\stm32f4xx_dma.o
 .debug_abbrev  0x00000ce8      0x147 ..\obj\misc.o
 .debug_abbrev  0x00000e2f      0x189 ..\obj\stm32f4xx_tim.o

.debug_aranges  0x00000000      0x958
 .debug_aranges
                0x00000000      0x100 ..\obj\stm32f4xx_usart.o
 .debug_aranges
                0x00000100       0x28 ..\obj\startup_stm32f4xx.o
 .debug_aranges
                0x00000128       0x70 ..\obj\main.o
 .debug_aranges
                0x00000198      0x178 ..\obj\stm32f4xx_rcc.o
 .debug_aranges
                0x00000310      0x148 ..\obj\stm32f4xx_adc.o
 .debug_aranges
                0x00000458       0x88 ..\obj\stm32f4xx_gpio.o
 .debug_aranges
                0x000004e0       0x30 ..\obj\system_stm32f4xx.o
 .debug_aranges
                0x00000510       0x60 ..\obj\syscalls.o
 .debug_aranges
                0x00000570       0xb0 ..\obj\stm32f4xx_dma.o
 .debug_aranges
                0x00000620       0x40 ..\obj\misc.o
 .debug_aranges
                0x00000660      0x2f8 ..\obj\stm32f4xx_tim.o

.debug_ranges   0x00000000      0x8a8
 .debug_ranges  0x00000000       0xf0 ..\obj\stm32f4xx_usart.o
 .debug_ranges  0x000000f0       0x18 ..\obj\startup_stm32f4xx.o
 .debug_ranges  0x00000108       0x60 ..\obj\main.o
 .debug_ranges  0x00000168      0x168 ..\obj\stm32f4xx_rcc.o
 .debug_ranges  0x000002d0      0x138 ..\obj\stm32f4xx_adc.o
 .debug_ranges  0x00000408       0x78 ..\obj\stm32f4xx_gpio.o
 .debug_ranges  0x00000480       0x20 ..\obj\system_stm32f4xx.o
 .debug_ranges  0x000004a0       0x50 ..\obj\syscalls.o
 .debug_ranges  0x000004f0       0xa0 ..\obj\stm32f4xx_dma.o
 .debug_ranges  0x00000590       0x30 ..\obj\misc.o
 .debug_ranges  0x000005c0      0x2e8 ..\obj\stm32f4xx_tim.o

.debug_line     0x00000000     0x29de
 .debug_line    0x00000000      0x475 ..\obj\stm32f4xx_usart.o
 .debug_line    0x00000475       0x97 ..\obj\startup_stm32f4xx.o
 .debug_line    0x0000050c      0x382 ..\obj\main.o
 .debug_line    0x0000088e      0x561 ..\obj\stm32f4xx_rcc.o
 .debug_line    0x00000def      0x519 ..\obj\stm32f4xx_adc.o
 .debug_line    0x00001308      0x31c ..\obj\stm32f4xx_gpio.o
 .debug_line    0x00001624      0x1b2 ..\obj\system_stm32f4xx.o
 .debug_line    0x000017d6      0x1ab ..\obj\syscalls.o
 .debug_line    0x00001981      0x3e6 ..\obj\stm32f4xx_dma.o
 .debug_line    0x00001d67      0x1fa ..\obj\misc.o
 .debug_line    0x00001f61      0xa7d ..\obj\stm32f4xx_tim.o

.debug_str      0x00000000     0x2fd7
 .debug_str     0x00000000      0x5ff ..\obj\stm32f4xx_usart.o
                                0x685 (size before relaxing)
 .debug_str     0x000005ff       0xa6 ..\obj\startup_stm32f4xx.o
                                0x13d (size before relaxing)
 .debug_str     0x000006a5      0xc5e ..\obj\main.o
                                0xebb (size before relaxing)
 .debug_str     0x00001303      0x5d9 ..\obj\stm32f4xx_rcc.o
                                0x846 (size before relaxing)
 .debug_str     0x000018dc      0x4ed ..\obj\stm32f4xx_adc.o
                                0x7fa (size before relaxing)
 .debug_str     0x00001dc9      0x18f ..\obj\stm32f4xx_gpio.o
                                0x499 (size before relaxing)
 .debug_str     0x00001f58      0x10e ..\obj\system_stm32f4xx.o
                                0x3a0 (size before relaxing)
 .debug_str     0x00002066      0x183 ..\obj\syscalls.o
                                0x31e (size before relaxing)
 .debug_str     0x000021e9      0x25d ..\obj\stm32f4xx_dma.o
                                0x538 (size before relaxing)
 .debug_str     0x00002446      0x115 ..\obj\misc.o
                                0x3c4 (size before relaxing)
 .debug_str     0x0000255b      0xa7c ..\obj\stm32f4xx_tim.o
                                0xdc6 (size before relaxing)

.comment        0x00000000       0x6e
 .comment       0x00000000       0x6e ..\obj\stm32f4xx_usart.o
                                 0x6f (size before relaxing)
 .comment       0x0000006e       0x6f ..\obj\startup_stm32f4xx.o
 .comment       0x0000006e       0x6f ..\obj\main.o
 .comment       0x0000006e       0x6f ..\obj\stm32f4xx_rcc.o
 .comment       0x0000006e       0x6f ..\obj\stm32f4xx_adc.o
 .comment       0x0000006e       0x6f ..\obj\stm32f4xx_gpio.o
 .comment       0x0000006e       0x6f ..\obj\system_stm32f4xx.o
 .comment       0x0000006e       0x6f ..\obj\syscalls.o
 .comment       0x0000006e       0x6f ..\obj\stm32f4xx_dma.o
 .comment       0x0000006e       0x6f ..\obj\misc.o
 .comment       0x0000006e       0x6f ..\obj\stm32f4xx_tim.o

.ARM.attributes
                0x00000000       0x31
 .ARM.attributes
                0x00000000       0x33 ..\obj\stm32f4xx_usart.o
 .ARM.attributes
                0x00000033       0x33 ..\obj\startup_stm32f4xx.o
 .ARM.attributes
                0x00000066       0x33 ..\obj\main.o
 .ARM.attributes
                0x00000099       0x33 ..\obj\stm32f4xx_rcc.o
 .ARM.attributes
                0x000000cc       0x33 ..\obj\stm32f4xx_adc.o
 .ARM.attributes
                0x000000ff       0x33 ..\obj\stm32f4xx_gpio.o
 .ARM.attributes
                0x00000132       0x33 ..\obj\system_stm32f4xx.o
 .ARM.attributes
                0x00000165       0x33 ..\obj\syscalls.o
 .ARM.attributes
                0x00000198       0x33 ..\obj\stm32f4xx_dma.o
 .ARM.attributes
                0x000001cb       0x33 ..\obj\misc.o
 .ARM.attributes
                0x000001fe       0x33 ..\obj\stm32f4xx_tim.o
 .ARM.attributes
                0x00000231       0x2e c:/coocox/coide/5.4 2016q3/bin/../lib/gcc/arm-none-eabi/5.4.1/../../../../arm-none-eabi/lib/armv7e-m\libg.a(lib_a-malloc.o)
 .ARM.attributes
                0x0000025f       0x2e c:/coocox/coide/5.4 2016q3/bin/../lib/gcc/arm-none-eabi/5.4.1/../../../../arm-none-eabi/lib/armv7e-m\libg.a(lib_a-mallocr.o)
 .ARM.attributes
                0x0000028d       0x2e c:/coocox/coide/5.4 2016q3/bin/../lib/gcc/arm-none-eabi/5.4.1/../../../../arm-none-eabi/lib/armv7e-m\libg.a(lib_a-mlock.o)
 .ARM.attributes
                0x000002bb       0x2e c:/coocox/coide/5.4 2016q3/bin/../lib/gcc/arm-none-eabi/5.4.1/../../../../arm-none-eabi/lib/armv7e-m\libg.a(lib_a-sbrkr.o)
 .ARM.attributes
                0x000002e9       0x2e c:/coocox/coide/5.4 2016q3/bin/../lib/gcc/arm-none-eabi/5.4.1/../../../../arm-none-eabi/lib/armv7e-m\libg.a(lib_a-snprintf.o)
 .ARM.attributes
                0x00000317       0x2e c:/coocox/coide/5.4 2016q3/bin/../lib/gcc/arm-none-eabi/5.4.1/../../../../arm-none-eabi/lib/armv7e-m\libg.a(lib_a-svfprintf.o)
 .ARM.attributes
                0x00000345       0x2e c:/coocox/coide/5.4 2016q3/bin/../lib/gcc/arm-none-eabi/5.4.1/../../../../arm-none-eabi/lib/armv7e-m\libg.a(lib_a-dtoa.o)
 .ARM.attributes
                0x00000373       0x2e c:/coocox/coide/5.4 2016q3/bin/../lib/gcc/arm-none-eabi/5.4.1/../../../../arm-none-eabi/lib/armv7e-m\libg.a(lib_a-freer.o)
 .ARM.attributes
                0x000003a1       0x2e c:/coocox/coide/5.4 2016q3/bin/../lib/gcc/arm-none-eabi/5.4.1/../../../../arm-none-eabi/lib/armv7e-m\libg.a(lib_a-impure.o)
 .ARM.attributes
                0x000003cf       0x2e c:/coocox/coide/5.4 2016q3/bin/../lib/gcc/arm-none-eabi/5.4.1/../../../../arm-none-eabi/lib/armv7e-m\libg.a(lib_a-localeconv.o)
 .ARM.attributes
                0x000003fd       0x1c c:/coocox/coide/5.4 2016q3/bin/../lib/gcc/arm-none-eabi/5.4.1/../../../../arm-none-eabi/lib/armv7e-m\libg.a(lib_a-memchr.o)
 .ARM.attributes
                0x00000419       0x1c c:/coocox/coide/5.4 2016q3/bin/../lib/gcc/arm-none-eabi/5.4.1/../../../../arm-none-eabi/lib/armv7e-m\libg.a(lib_a-memcpy.o)
 .ARM.attributes
                0x00000435       0x2e c:/coocox/coide/5.4 2016q3/bin/../lib/gcc/arm-none-eabi/5.4.1/../../../../arm-none-eabi/lib/armv7e-m\libg.a(lib_a-mprec.o)
 .ARM.attributes
                0x00000463       0x2e c:/coocox/coide/5.4 2016q3/bin/../lib/gcc/arm-none-eabi/5.4.1/../../../../arm-none-eabi/lib/armv7e-m\libg.a(lib_a-reent.o)
 .ARM.attributes
                0x00000491       0x1c c:/coocox/coide/5.4 2016q3/bin/../lib/gcc/arm-none-eabi/5.4.1/../../../../arm-none-eabi/lib/armv7e-m\libg.a(lib_a-strlen.o)
 .ARM.attributes
                0x000004ad       0x2e c:/coocox/coide/5.4 2016q3/bin/../lib/gcc/arm-none-eabi/5.4.1/../../../../arm-none-eabi/lib/armv7e-m\libg.a(lib_a-svfiprintf.o)
 .ARM.attributes
                0x000004db       0x2e c:/coocox/coide/5.4 2016q3/bin/../lib/gcc/arm-none-eabi/5.4.1/../../../../arm-none-eabi/lib/armv7e-m\libg.a(lib_a-callocr.o)
 .ARM.attributes
                0x00000509       0x2e c:/coocox/coide/5.4 2016q3/bin/../lib/gcc/arm-none-eabi/5.4.1/../../../../arm-none-eabi/lib/armv7e-m\libg.a(lib_a-locale.o)
 .ARM.attributes
                0x00000537       0x2e c:/coocox/coide/5.4 2016q3/bin/../lib/gcc/arm-none-eabi/5.4.1/../../../../arm-none-eabi/lib/armv7e-m\libg.a(lib_a-mbtowc_r.o)
 .ARM.attributes
                0x00000565       0x2e c:/coocox/coide/5.4 2016q3/bin/../lib/gcc/arm-none-eabi/5.4.1/../../../../arm-none-eabi/lib/armv7e-m\libg.a(lib_a-memmove.o)
 .ARM.attributes
                0x00000593       0x2e c:/coocox/coide/5.4 2016q3/bin/../lib/gcc/arm-none-eabi/5.4.1/../../../../arm-none-eabi/lib/armv7e-m\libg.a(lib_a-memset.o)
 .ARM.attributes
                0x000005c1       0x2e c:/coocox/coide/5.4 2016q3/bin/../lib/gcc/arm-none-eabi/5.4.1/../../../../arm-none-eabi/lib/armv7e-m\libg.a(lib_a-reallocr.o)
 .ARM.attributes
                0x000005ef       0x2e c:/coocox/coide/5.4 2016q3/bin/../lib/gcc/arm-none-eabi/5.4.1/../../../../arm-none-eabi/lib/armv7e-m\libg.a(lib_a-wctomb_r.o)
 .ARM.attributes
                0x0000061d       0x2e c:/coocox/coide/5.4 2016q3/bin/../lib/gcc/arm-none-eabi/5.4.1/../../../../arm-none-eabi/lib/armv7e-m\libg.a(lib_a-ctype_.o)
 .ARM.attributes
                0x0000064b       0x1e c:/coocox/coide/5.4 2016q3/bin/../lib/gcc/arm-none-eabi/5.4.1/armv7e-m\libgcc.a(_arm_addsubdf3.o)
 .ARM.attributes
                0x00000669       0x1e c:/coocox/coide/5.4 2016q3/bin/../lib/gcc/arm-none-eabi/5.4.1/armv7e-m\libgcc.a(_arm_muldivdf3.o)
 .ARM.attributes
                0x00000687       0x1e c:/coocox/coide/5.4 2016q3/bin/../lib/gcc/arm-none-eabi/5.4.1/armv7e-m\libgcc.a(_arm_cmpdf2.o)
 .ARM.attributes
                0x000006a5       0x1e c:/coocox/coide/5.4 2016q3/bin/../lib/gcc/arm-none-eabi/5.4.1/armv7e-m\libgcc.a(_arm_unorddf2.o)
 .ARM.attributes
                0x000006c3       0x1e c:/coocox/coide/5.4 2016q3/bin/../lib/gcc/arm-none-eabi/5.4.1/armv7e-m\libgcc.a(_arm_fixdfsi.o)
 .ARM.attributes
                0x000006e1       0x1e c:/coocox/coide/5.4 2016q3/bin/../lib/gcc/arm-none-eabi/5.4.1/armv7e-m\libgcc.a(_aeabi_uldivmod.o)
 .ARM.attributes
                0x000006ff       0x2e c:/coocox/coide/5.4 2016q3/bin/../lib/gcc/arm-none-eabi/5.4.1/armv7e-m\libgcc.a(_udivmoddi4.o)
 .ARM.attributes
                0x0000072d       0x1e c:/coocox/coide/5.4 2016q3/bin/../lib/gcc/arm-none-eabi/5.4.1/armv7e-m\libgcc.a(_dvmd_tls.o)

.debug_frame    0x00000000     0x323c
 .debug_frame   0x00000000      0x490 ..\obj\stm32f4xx_usart.o
 .debug_frame   0x00000490       0x4c ..\obj\startup_stm32f4xx.o
 .debug_frame   0x000004dc      0x18c ..\obj\main.o
 .debug_frame   0x00000668      0x6d4 ..\obj\stm32f4xx_rcc.o
 .debug_frame   0x00000d3c      0x5ec ..\obj\stm32f4xx_adc.o
 .debug_frame   0x00001328      0x23c ..\obj\stm32f4xx_gpio.o
 .debug_frame   0x00001564       0x7c ..\obj\system_stm32f4xx.o
 .debug_frame   0x000015e0      0x168 ..\obj\syscalls.o
 .debug_frame   0x00001748      0x308 ..\obj\stm32f4xx_dma.o
 .debug_frame   0x00001a50       0xd8 ..\obj\misc.o
 .debug_frame   0x00001b28      0xe54 ..\obj\stm32f4xx_tim.o
 .debug_frame   0x0000297c       0x30 c:/coocox/coide/5.4 2016q3/bin/../lib/gcc/arm-none-eabi/5.4.1/../../../../arm-none-eabi/lib/armv7e-m\libg.a(lib_a-malloc.o)
 .debug_frame   0x000029ac       0x58 c:/coocox/coide/5.4 2016q3/bin/../lib/gcc/arm-none-eabi/5.4.1/../../../../arm-none-eabi/lib/armv7e-m\libg.a(lib_a-mallocr.o)
 .debug_frame   0x00002a04       0x30 c:/coocox/coide/5.4 2016q3/bin/../lib/gcc/arm-none-eabi/5.4.1/../../../../arm-none-eabi/lib/armv7e-m\libg.a(lib_a-mlock.o)
 .debug_frame   0x00002a34       0x2c c:/coocox/coide/5.4 2016q3/bin/../lib/gcc/arm-none-eabi/5.4.1/../../../../arm-none-eabi/lib/armv7e-m\libg.a(lib_a-sbrkr.o)
 .debug_frame   0x00002a60       0xd0 c:/coocox/coide/5.4 2016q3/bin/../lib/gcc/arm-none-eabi/5.4.1/../../../../arm-none-eabi/lib/armv7e-m\libg.a(lib_a-snprintf.o)
 .debug_frame   0x00002b30       0x44 c:/coocox/coide/5.4 2016q3/bin/../lib/gcc/arm-none-eabi/5.4.1/../../../../arm-none-eabi/lib/armv7e-m\libg.a(lib_a-svfprintf.o)
 .debug_frame   0x00002b74       0x88 c:/coocox/coide/5.4 2016q3/bin/../lib/gcc/arm-none-eabi/5.4.1/../../../../arm-none-eabi/lib/armv7e-m\libg.a(lib_a-dtoa.o)
 .debug_frame   0x00002bfc       0x74 c:/coocox/coide/5.4 2016q3/bin/../lib/gcc/arm-none-eabi/5.4.1/../../../../arm-none-eabi/lib/armv7e-m\libg.a(lib_a-freer.o)
 .debug_frame   0x00002c70       0x40 c:/coocox/coide/5.4 2016q3/bin/../lib/gcc/arm-none-eabi/5.4.1/../../../../arm-none-eabi/lib/armv7e-m\libg.a(lib_a-localeconv.o)
 .debug_frame   0x00002cb0      0x264 c:/coocox/coide/5.4 2016q3/bin/../lib/gcc/arm-none-eabi/5.4.1/../../../../arm-none-eabi/lib/armv7e-m\libg.a(lib_a-mprec.o)
 .debug_frame   0x00002f14       0x58 c:/coocox/coide/5.4 2016q3/bin/../lib/gcc/arm-none-eabi/5.4.1/../../../../arm-none-eabi/lib/armv7e-m\libg.a(lib_a-reent.o)
 .debug_frame   0x00002f6c       0x78 c:/coocox/coide/5.4 2016q3/bin/../lib/gcc/arm-none-eabi/5.4.1/../../../../arm-none-eabi/lib/armv7e-m\libg.a(lib_a-svfiprintf.o)
 .debug_frame   0x00002fe4       0x28 c:/coocox/coide/5.4 2016q3/bin/../lib/gcc/arm-none-eabi/5.4.1/../../../../arm-none-eabi/lib/armv7e-m\libg.a(lib_a-callocr.o)
 .debug_frame   0x0000300c       0x84 c:/coocox/coide/5.4 2016q3/bin/../lib/gcc/arm-none-eabi/5.4.1/../../../../arm-none-eabi/lib/armv7e-m\libg.a(lib_a-locale.o)
 .debug_frame   0x00003090       0x4c c:/coocox/coide/5.4 2016q3/bin/../lib/gcc/arm-none-eabi/5.4.1/../../../../arm-none-eabi/lib/armv7e-m\libg.a(lib_a-mbtowc_r.o)
 .debug_frame   0x000030dc       0x30 c:/coocox/coide/5.4 2016q3/bin/../lib/gcc/arm-none-eabi/5.4.1/../../../../arm-none-eabi/lib/armv7e-m\libg.a(lib_a-memmove.o)
 .debug_frame   0x0000310c       0x34 c:/coocox/coide/5.4 2016q3/bin/../lib/gcc/arm-none-eabi/5.4.1/../../../../arm-none-eabi/lib/armv7e-m\libg.a(lib_a-memset.o)
 .debug_frame   0x00003140       0x60 c:/coocox/coide/5.4 2016q3/bin/../lib/gcc/arm-none-eabi/5.4.1/../../../../arm-none-eabi/lib/armv7e-m\libg.a(lib_a-reallocr.o)
 .debug_frame   0x000031a0       0x3c c:/coocox/coide/5.4 2016q3/bin/../lib/gcc/arm-none-eabi/5.4.1/../../../../arm-none-eabi/lib/armv7e-m\libg.a(lib_a-wctomb_r.o)
 .debug_frame   0x000031dc       0x2c c:/coocox/coide/5.4 2016q3/bin/../lib/gcc/arm-none-eabi/5.4.1/armv7e-m\libgcc.a(_aeabi_uldivmod.o)
 .debug_frame   0x00003208       0x34 c:/coocox/coide/5.4 2016q3/bin/../lib/gcc/arm-none-eabi/5.4.1/armv7e-m\libgcc.a(_udivmoddi4.o)
